Nazyh@DESKTOP-OKQN21P MINGW64 ~
$ cd D:\XpertCourse

Nazyh@DESKTOP-OKQN21P MINGW64 /d/XpertCourse
$ ls
git.html  git.txt

Nazyh@DESKTOP-OKQN21P MINGW64 /d/XpertCourse
$ nano git.html

Nazyh@DESKTOP-OKQN21P MINGW64 /d/XpertCourse
$ git init
Initialized empty Git repository in D:/XpertCourse/.git/

Nazyh@DESKTOP-OKQN21P MINGW64 /d/XpertCourse (master)
$ git status
On branch master

No commits yet

Untracked files:
  (use "git add <file>..." to include in what will be committed)
        git.html
        git.txt

nothing added to commit but untracked files present (use "git add" to track)

Nazyh@DESKTOP-OKQN21P MINGW64 /d/XpertCourse (master)
$ git add .

Nazyh@DESKTOP-OKQN21P MINGW64 /d/XpertCourse (master)
$ git status
On branch master

No commits yet

Changes to be committed:
  (use "git rm --cached <file>..." to unstage)
        new file:   git.html
        new file:   git.txt


Nazyh@DESKTOP-OKQN21P MINGW64 /d/XpertCourse (master)
$ git commit -m "my first commit"
Author identity unknown

*** Please tell me who you are.

Run

  git config --global user.email "you@example.com"
  git config --global user.name "Your Name"

to set your account's default identity.
Omit --global to set the identity only in this repository.

fatal: unable to auto-detect email address (got 'Nazyh@DESKTOP-OKQN21P.(none)')

Nazyh@DESKTOP-OKQN21P MINGW64 /d/XpertCourse (master)
$ git config --global user.email"nazyhfakherdine@gmail.com"

Nazyh@DESKTOP-OKQN21P MINGW64 /d/XpertCourse (master)
$ git config --global user.name"nazyh"

Nazyh@DESKTOP-OKQN21P MINGW64 /d/XpertCourse (master)
$ git commit -m "my first commit"
Author identity unknown

*** Please tell me who you are.

Run

  git config --global user.email "you@example.com"
  git config --global user.name "Your Name"

to set your account's default identity.
Omit --global to set the identity only in this repository.

fatal: unable to auto-detect email address (got 'Nazyh@DESKTOP-OKQN21P.(none)')

Nazyh@DESKTOP-OKQN21P MINGW64 /d/XpertCourse (master)
$ git config --global user.name "nazyh"

Nazyh@DESKTOP-OKQN21P MINGW64 /d/XpertCourse (master)
$ git config --global user.email "nazyhfakherdine@gmail.com"

Nazyh@DESKTOP-OKQN21P MINGW64 /d/XpertCourse (master)
$ git commit -m "my first commit"
[master (root-commit) 81cb6e2] my first commit
 2 files changed, 1 insertion(+)
 create mode 100644 git.html
 create mode 100644 git.txt

Nazyh@DESKTOP-OKQN21P MINGW64 /d/XpertCourse (master)
$ git status
On branch master
nothing to commit, working tree clean

Nazyh@DESKTOP-OKQN21P MINGW64 /d/XpertCourse (master)
$ code .

Nazyh@DESKTOP-OKQN21P MINGW64 /d/XpertCourse (master)
$ code .

Nazyh@DESKTOP-OKQN21P MINGW64 /d/XpertCourse (master)
$ git status
On branch master
Changes not staged for commit:
  (use "git add <file>..." to update what will be committed)
  (use "git restore <file>..." to discard changes in working directory)
        modified:   git.html

no changes added to commit (use "git add" and/or "git commit -a")

Nazyh@DESKTOP-OKQN21P MINGW64 /d/XpertCourse (master)
$ git diff git.html
diff --git a/git.html b/git.html
index bdfd693..d4e9547 100644
--- a/git.html
+++ b/git.html
@@ -1 +1,2 @@
-hellooo
\ No newline at end of file
+hellooo
+<p>hi</p>
\ No newline at end of file

Nazyh@DESKTOP-OKQN21P MINGW64 /d/XpertCourse (master)
$ git diff git.html
diff --git a/git.html b/git.html
index bdfd693..e63c75c 100644
--- a/git.html
+++ b/git.html
@@ -1 +1,3 @@
-hellooo
\ No newline at end of file
+hellooo
+<p>hi</p>
+<h2>ehm</h2>
\ No newline at end of file

Nazyh@DESKTOP-OKQN21P MINGW64 /d/XpertCourse (master)
$ git status
On branch master
Changes not staged for commit:
  (use "git add <file>..." to update what will be committed)
  (use "git restore <file>..." to discard changes in working directory)
        modified:   git.html

no changes added to commit (use "git add" and/or "git commit -a")

Nazyh@DESKTOP-OKQN21P MINGW64 /d/XpertCourse (master)
$ git restore git.html

Nazyh@DESKTOP-OKQN21P MINGW64 /d/XpertCourse (master)
$ git status
On branch master
nothing to commit, working tree clean

Nazyh@DESKTOP-OKQN21P MINGW64 /d/XpertCourse (master)
$ git status
On branch master
Changes not staged for commit:
  (use "git add <file>..." to update what will be committed)
  (use "git restore <file>..." to discard changes in working directory)
        modified:   git.html

no changes added to commit (use "git add" and/or "git commit -a")

Nazyh@DESKTOP-OKQN21P MINGW64 /d/XpertCourse (master)
$ git diff git.html
diff --git a/git.html b/git.html
index bdfd693..e63c75c 100644
--- a/git.html
+++ b/git.html
@@ -1 +1,3 @@
-hellooo
\ No newline at end of file
+hellooo
+<p>hi</p>
+<h2>ehm</h2>
\ No newline at end of file

Nazyh@DESKTOP-OKQN21P MINGW64 /d/XpertCourse (master)
$ git add .

Nazyh@DESKTOP-OKQN21P MINGW64 /d/XpertCourse (master)
$ git diff git.html

Nazyh@DESKTOP-OKQN21P MINGW64 /d/XpertCourse (master)
$ git commit -m "marra tenye commit"
[master 67019ba] marra tenye commit
 1 file changed, 3 insertions(+), 1 deletion(-)

Nazyh@DESKTOP-OKQN21P MINGW64 /d/XpertCourse (master)
$ git status
On branch master
nothing to commit, working tree clean

Nazyh@DESKTOP-OKQN21P MINGW64 /d/XpertCourse (master)
$ git diff git.html

Nazyh@DESKTOP-OKQN21P MINGW64 /d/XpertCourse (master)
$ git remote add origin https://github.com/nazyhfakherdine/XpertbootCourse.git

Nazyh@DESKTOP-OKQN21P MINGW64 /d/XpertCourse (master)
$ git status
On branch master
nothing to commit, working tree clean

Nazyh@DESKTOP-OKQN21P MINGW64 /d/XpertCourse (master)
$ git push -u origin main
error: src refspec main does not match any
error: failed to push some refs to 'https://github.com/nazyhfakherdine/XpertbootCourse.git'

Nazyh@DESKTOP-OKQN21P MINGW64 /d/XpertCourse (master)
$ git push -u origin master
Enumerating objects: 7, done.
Counting objects: 100% (7/7), done.
Delta compression using up to 16 threads
Compressing objects: 100% (4/4), done.
Writing objects: 100% (7/7), 524 bytes | 524.00 KiB/s, done.
Total 7 (delta 0), reused 0 (delta 0), pack-reused 0 (from 0)
To https://github.com/nazyhfakherdine/XpertbootCourse.git
 * [new branch]      master -> master
branch 'master' set up to track 'origin/master'.

Nazyh@DESKTOP-OKQN21P MINGW64 /d/XpertCourse (master)
$

Nazyh@DESKTOP-OKQN21P MINGW64 /d/XpertCourse (master)
$ git checkout -b develop
Switched to a new branch 'develop'

Nazyh@DESKTOP-OKQN21P MINGW64 /d/XpertCourse (develop)
$ git status
On branch develop
nothing to commit, working tree clean

Nazyh@DESKTOP-OKQN21P MINGW64 /d/XpertCourse (develop)
$ git status
On branch develop
Changes not staged for commit:
  (use "git add <file>..." to update what will be committed)
  (use "git restore <file>..." to discard changes in working directory)
        modified:   git.html

no changes added to commit (use "git add" and/or "git commit -a")

Nazyh@DESKTOP-OKQN21P MINGW64 /d/XpertCourse (develop)
$ git diff
diff --git a/git.html b/git.html
index e63c75c..18a1468 100644
--- a/git.html
+++ b/git.html
@@ -1,3 +1,4 @@
 hellooo
 <p>hi</p>
-<h2>ehm</h2>
\ No newline at end of file
+<h2>ehm</h2>
+<h3>3m jareb l branch </h3>
\ No newline at end of file

Nazyh@DESKTOP-OKQN21P MINGW64 /d/XpertCourse (develop)
$ git diff git.html
diff --git a/git.html b/git.html
index e63c75c..18a1468 100644
--- a/git.html
+++ b/git.html
@@ -1,3 +1,4 @@
 hellooo
 <p>hi</p>
-<h2>ehm</h2>
\ No newline at end of file
+<h2>ehm</h2>
+<h3>3m jareb l branch </h3>
\ No newline at end of file

Nazyh@DESKTOP-OKQN21P MINGW64 /d/XpertCourse (develop)
$ git add .

Nazyh@DESKTOP-OKQN21P MINGW64 /d/XpertCourse (develop)
$ git commit -m "test branch switch"
[develop c0cba1f] test branch switch
 1 file changed, 2 insertions(+), 1 deletion(-)

Nazyh@DESKTOP-OKQN21P MINGW64 /d/XpertCourse (develop)
$ git status
On branch develop
nothing to commit, working tree clean

Nazyh@DESKTOP-OKQN21P MINGW64 /d/XpertCourse (develop)
$ git push -u origin develop
Enumerating objects: 5, done.
Counting objects: 100% (5/5), done.
Delta compression using up to 16 threads
Compressing objects: 100% (3/3), done.
Writing objects: 100% (3/3), 329 bytes | 329.00 KiB/s, done.
Total 3 (delta 0), reused 0 (delta 0), pack-reused 0 (from 0)
remote:
remote: Create a pull request for 'develop' on GitHub by visiting:
remote:      https://github.com/nazyhfakherdine/XpertbootCourse/pull/new/develo
remote:
To https://github.com/nazyhfakherdine/XpertbootCourse.git
 * [new branch]      develop -> develop
branch 'develop' set up to track 'origin/develop'.

Nazyh@DESKTOP-OKQN21P MINGW64 /d/XpertCourse (develop)
$ git branch
* develop
  master

Nazyh@DESKTOP-OKQN21P MINGW64 /d/XpertCourse (develop)
$ git checkout master
Switched to branch 'master'
Your branch is up to date with 'origin/master'.

Nazyh@DESKTOP-OKQN21P MINGW64 /d/XpertCourse (master)
$ git status
On branch master
Your branch is up to date with 'origin/master'.

nothing to commit, working tree clean

Nazyh@DESKTOP-OKQN21P MINGW64 /d/XpertCourse (master)
$ git diff git.html

Nazyh@DESKTOP-OKQN21P MINGW64 /d/XpertCourse (master)
$ git checkout develop
Switched to branch 'develop'
Your branch is up to date with 'origin/develop'.

Nazyh@DESKTOP-OKQN21P MINGW64 /d/XpertCourse (develop)
$ git checkout master
Switched to branch 'master'
Your branch is up to date with 'origin/master'.

Nazyh@DESKTOP-OKQN21P MINGW64 /d/XpertCourse (master)
$ git checkout develop
Switched to branch 'develop'
Your branch is up to date with 'origin/develop'.

Nazyh@DESKTOP-OKQN21P MINGW64 /d/XpertCourse (develop)
$ git checkout master
error: Your local changes to the following files would be overwritten by checkout:
        git.html
Please commit your changes or stash them before you switch branches.
Aborting

Nazyh@DESKTOP-OKQN21P MINGW64 /d/XpertCourse (develop)
$ git status
On branch develop
Your branch is up to date with 'origin/develop'.

Changes not staged for commit:
  (use "git add <file>..." to update what will be committed)
  (use "git restore <file>..." to discard changes in working directory)
        modified:   git.html

no changes added to commit (use "git add" and/or "git commit -a")

Nazyh@DESKTOP-OKQN21P MINGW64 /d/XpertCourse (develop)
$ git checkout git.html
Updated 1 path from the index

Nazyh@DESKTOP-OKQN21P MINGW64 /d/XpertCourse (develop)
$ git checkout master
Switched to branch 'master'
Your branch is up to date with 'origin/master'.

Nazyh@DESKTOP-OKQN21P MINGW64 /d/XpertCourse (master)
$ git checkout develop
error: Your local changes to the following files would be overwritten by checkout:
        git.html
Please commit your changes or stash them before you switch branches.
Aborting

Nazyh@DESKTOP-OKQN21P MINGW64 /d/XpertCourse (master)
$ git checkout .
Updated 1 path from the index

Nazyh@DESKTOP-OKQN21P MINGW64 /d/XpertCourse (master)
$ git checkout develop
Switched to branch 'develop'
Your branch is up to date with 'origin/develop'.

Nazyh@DESKTOP-OKQN21P MINGW64 /d/XpertCourse (develop)
$ git checkout master
Switched to branch 'master'
Your branch is up to date with 'origin/master'.

Nazyh@DESKTOP-OKQN21P MINGW64 /d/XpertCourse (master)
$ git merge develop
Updating 0d10678..c0cba1f
Fast-forward
 git.html | 3 ++-
 1 file changed, 2 insertions(+), 1 deletion(-)

Nazyh@DESKTOP-OKQN21P MINGW64 /d/XpertCourse (master)
$ git status
On branch master
Your branch is ahead of 'origin/master' by 1 commit.
  (use "git push" to publish your local commits)

nothing to commit, working tree clean

Nazyh@DESKTOP-OKQN21P MINGW64 /d/XpertCourse (master)
$ git push origin -m "bla bla"
error: unknown switch `m'
usage: git push [<options>] [<repository> [<refspec>...]]

    -v, --[no-]verbose    be more verbose
    -q, --[no-]quiet      be more quiet
    --[no-]repo <repository>
                          repository
    --[no-]all            push all branches
    --[no-]branches       alias of --all
    --[no-]mirror         mirror all refs
    -d, --[no-]delete     delete refs
    --[no-]tags           push tags (can't be used with --all or --branches or --mirror)
    -n, --[no-]dry-run    dry run
    --[no-]porcelain      machine-readable output
    -f, --[no-]force      force updates
    --[no-]force-with-lease[=<refname>:<expect>]
                          require old value of ref to be at this value
    --[no-]force-if-includes
                          require remote updates to be integrated locally
    --[no-]recurse-submodules (check|on-demand|no)
                          control recursive pushing of submodules
    --[no-]thin           use thin pack
    --[no-]receive-pack <receive-pack>
                          receive pack program
    --[no-]exec <receive-pack>
                          receive pack program
    -u, --[no-]set-upstream
                          set upstream for git pull/status
    --[no-]progress       force progress reporting
    --[no-]prune          prune locally removed refs
    --no-verify           bypass pre-push hook
    --verify              opposite of --no-verify
    --[no-]follow-tags    push missing but relevant tags
    --[no-]signed[=(yes|no|if-asked)]
                          GPG sign the push
    --[no-]atomic         request atomic transaction on remote side
    -o, --[no-]push-option <server-specific>
                          option to transmit
    -4, --ipv4            use IPv4 addresses only
    -6, --ipv6            use IPv6 addresses only


Nazyh@DESKTOP-OKQN21P MINGW64 /d/XpertCourse (master)
$ git add .

Nazyh@DESKTOP-OKQN21P MINGW64 /d/XpertCourse (master)
$ git push origin -m "bla bla bla"
error: unknown switch `m'
usage: git push [<options>] [<repository> [<refspec>...]]

    -v, --[no-]verbose    be more verbose
    -q, --[no-]quiet      be more quiet
    --[no-]repo <repository>
                          repository
    --[no-]all            push all branches
    --[no-]branches       alias of --all
    --[no-]mirror         mirror all refs
    -d, --[no-]delete     delete refs
    --[no-]tags           push tags (can't be used with --all or --branches or --mirror)
    -n, --[no-]dry-run    dry run
    --[no-]porcelain      machine-readable output
    -f, --[no-]force      force updates
    --[no-]force-with-lease[=<refname>:<expect>]
                          require old value of ref to be at this value
    --[no-]force-if-includes
                          require remote updates to be integrated locally
    --[no-]recurse-submodules (check|on-demand|no)
                          control recursive pushing of submodules
    --[no-]thin           use thin pack
    --[no-]receive-pack <receive-pack>
                          receive pack program
    --[no-]exec <receive-pack>
                          receive pack program
    -u, --[no-]set-upstream
                          set upstream for git pull/status
    --[no-]progress       force progress reporting
    --[no-]prune          prune locally removed refs
    --no-verify           bypass pre-push hook
    --verify              opposite of --no-verify
    --[no-]follow-tags    push missing but relevant tags
    --[no-]signed[=(yes|no|if-asked)]
                          GPG sign the push
    --[no-]atomic         request atomic transaction on remote side
    -o, --[no-]push-option <server-specific>
                          option to transmit
    -4, --ipv4            use IPv4 addresses only
    -6, --ipv6            use IPv6 addresses only


Nazyh@DESKTOP-OKQN21P MINGW64 /d/XpertCourse (master)
$ git merge develop
Already up to date.

Nazyh@DESKTOP-OKQN21P MINGW64 /d/XpertCourse (master)
$ git push -u origin master "bla bla bla"
fatal: invalid refspec 'bla bla bla'

Nazyh@DESKTOP-OKQN21P MINGW64 /d/XpertCourse (master)
$ git push -u origin master "bla bla bla bla"
fatal: invalid refspec 'bla bla bla bla'

Nazyh@DESKTOP-OKQN21P MINGW64 /d/XpertCourse (master)
$ git add .

Nazyh@DESKTOP-OKQN21P MINGW64 /d/XpertCourse (master)
$ git push -u origin master "bla bla bla blaa"
fatal: invalid refspec 'bla bla bla blaa'

Nazyh@DESKTOP-OKQN21P MINGW64 /d/XpertCourse (master)
$ ^C

Nazyh@DESKTOP-OKQN21P MINGW64 /d/XpertCourse (master)
$ ^C

Nazyh@DESKTOP-OKQN21P MINGW64 /d/XpertCourse (master)
$ git push -u origin master
Total 0 (delta 0), reused 0 (delta 0), pack-reused 0 (from 0)
To https://github.com/nazyhfakherdine/XpertbootCourse.git
   0d10678..c0cba1f  master -> master
branch 'master' set up to track 'origin/master'.

Nazyh@DESKTOP-OKQN21P MINGW64 /d/XpertCourse (master)
$ git checkout -b newFeauture
Switched to a new branch 'newFeauture'

Nazyh@DESKTOP-OKQN21P MINGW64 /d/XpertCourse (newFeauture)
$ git status
On branch newFeauture
Untracked files:
  (use "git add <file>..." to include in what will be committed)
        index.html

nothing added to commit but untracked files present (use "git add" to track)

Nazyh@DESKTOP-OKQN21P MINGW64 /d/XpertCourse (newFeauture)
$ git add index.html

Nazyh@DESKTOP-OKQN21P MINGW64 /d/XpertCourse (newFeauture)
$ git commit -m "index file"
[newFeauture a5d8590] index file
 1 file changed, 86 insertions(+)
 create mode 100644 index.html

Nazyh@DESKTOP-OKQN21P MINGW64 /d/XpertCourse (newFeauture)
$ git checkout master
Switched to branch 'master'
Your branch is up to date with 'origin/master'.

Nazyh@DESKTOP-OKQN21P MINGW64 /d/XpertCourse (master)
$ git branch
  develop
* master
  newFeauture

Nazyh@DESKTOP-OKQN21P MINGW64 /d/XpertCourse (master)
$ git checkout newFeauture
Switched to branch 'newFeauture'

Nazyh@DESKTOP-OKQN21P MINGW64 /d/XpertCourse (newFeauture)
$ git checkout develop
Switched to branch 'develop'
Your branch is up to date with 'origin/develop'.

Nazyh@DESKTOP-OKQN21P MINGW64 /d/XpertCourse (develop)
$ git merge newFeauture
Updating c0cba1f..a5d8590
Fast-forward
 index.html | 86 ++++++++++++++++++++++++++++++++++++++++++++++++++++++++++++++
 1 file changed, 86 insertions(+)
 create mode 100644 index.html

Nazyh@DESKTOP-OKQN21P MINGW64 /d/XpertCourse (develop)
$ git add .

Nazyh@DESKTOP-OKQN21P MINGW64 /d/XpertCourse (develop)
$ git commit -m "some chnage"
[develop 396aff2] some chnage
 1 file changed, 1 insertion(+), 1 deletion(-)

Nazyh@DESKTOP-OKQN21P MINGW64 /d/XpertCourse (develop)
$ git checkout master
Switched to branch 'master'
Your branch is up to date with 'origin/master'.

Nazyh@DESKTOP-OKQN21P MINGW64 /d/XpertCourse (master)
$ git push -u origin develop
Enumerating objects: 7, done.
Counting objects: 100% (7/7), done.
Delta compression using up to 16 threads
Compressing objects: 100% (6/6), done.
Writing objects: 100% (6/6), 1.43 KiB | 488.00 KiB/s, done.
Total 6 (delta 2), reused 0 (delta 0), pack-reused 0 (from 0)
remote: Resolving deltas: 100% (2/2), done.
To https://github.com/nazyhfakherdine/XpertbootCourse.git
   c0cba1f..396aff2  develop -> develop
branch 'develop' set up to track 'origin/develop'.

Nazyh@DESKTOP-OKQN21P MINGW64 /d/XpertCourse (master)
$ git checkout newFeauture
Already on 'newFeauture'

Nazyh@DESKTOP-OKQN21P MINGW64 /d/XpertCourse (newFeauture)
$ git pull origin master
remote: Enumerating objects: 1, done.
remote: Counting objects: 100% (1/1), done.
remote: Total 1 (delta 0), reused 0 (delta 0), pack-reused 0 (from 0)
Unpacking objects: 100% (1/1), 891 bytes | 297.00 KiB/s, done.
From https://github.com/nazyhfakherdine/XpertbootCourse
 * branch            master     -> FETCH_HEAD
   c0cba1f..ba47e01  master     -> origin/master
Updating a5d8590..ba47e01
Fast-forward
 index.html | 2 +-
 1 file changed, 1 insertion(+), 1 deletion(-)

Nazyh@DESKTOP-OKQN21P MINGW64 /d/XpertCourse (newFeauture)
$
